C51 COMPILER V9.60.0.0   AULA4                                                             07/25/2022 14:01:29 PAGE 1   


C51 COMPILER V9.60.0.0, COMPILATION OF MODULE AULA4
OBJECT MODULE PLACED IN .\Objects\aula4.obj
COMPILER INVOKED BY: D:\tools\C51\BIN\C51.EXE aula4.c OPTIMIZE(8,SIZE) BROWSE DEBUG OBJECTEXTEND PRINT(.\Listings\aula4.
                    -lst) TABS(2) OBJECT(.\Objects\aula4.obj)

line level    source

   1          /******************************
   2          Alunos:
   3            Eneri D'Angelis (emd)
   4            Nathalia Lima (npl)
   5            Rafael Vasconcelos (rjav) 
   6          ******************************/
   7          
   8          #include <reg51.h>
   9          
  10          void main(){
  11   1        
  12   1      }


MODULE INFORMATION:   STATIC OVERLAYABLE
   CODE SIZE        =      1    ----
   CONSTANT SIZE    =   ----    ----
   XDATA SIZE       =   ----    ----
   PDATA SIZE       =   ----    ----
   DATA SIZE        =   ----    ----
   IDATA SIZE       =   ----    ----
   BIT SIZE         =   ----    ----
END OF MODULE INFORMATION.


C51 COMPILATION COMPLETE.  0 WARNING(S),  0 ERROR(S)
